// Jest Snapshot v1, https://goo.gl/fbAQLP

exports[`<Index /> snapshot matches snapshot 1`] = `
<div
  style={
    Object {
      "border": "1px solid #DDD",
      "margin": 20,
      "padding": 20,
    }
  }
>
  <div>
    <a
      href="/"
      onClick={[Function]}
      onMouseEnter={[Function]}
      style={
        Object {
          "marginRight": 15,
        }
      }
    >
      Home
    </a>
    <a
      href="/about"
      onClick={[Function]}
      onMouseEnter={[Function]}
      style={
        Object {
          "marginRight": 15,
        }
      }
    >
      About
    </a>
  </div>
  <div>
    <h1>
      Batman TV Shows
    </h1>
    <ul>
      <li>
        <a
          href="/p/1"
          onClick={[Function]}
          onMouseEnter={[Function]}
        >
          Foo
        </a>
      </li>
      <li>
        <a
          href="/p/2"
          onClick={[Function]}
          onMouseEnter={[Function]}
        >
          Bar
        </a>
      </li>
      <li>
        <a
          href="/p/3"
          onClick={[Function]}
          onMouseEnter={[Function]}
        >
          Baz
        </a>
      </li>
      <li>
        <a
          href="/p/4"
          onClick={[Function]}
          onMouseEnter={[Function]}
        >
          Qux
        </a>
      </li>
    </ul>
  </div>
</div>
`;
